I
I
I
I
I
I
0
I
I
I
I
I
I
I
I
I
0
-3
-1
I
I
I
I
I
I
I
I
I
-5
I
