U
U
U
I
U
U
I
I
0
I
I
I
U
I
U
U
U
I
U
U
U
U
I
I
U
U
I
U
U
U
