I
U
I
I
I
I
I
U
I
I
I
U
I
I
I
I
I
I
I
I
U
I
U
U
U
I
I
U
I
I
