2
U
U
-9
0
-6
-2
U
1
0
-11
-6
-1
-2
-3
1
-3
-2
2
0
U
0
U
U
-1
U
2
0
2
U
