6
U
33
-41
-7
4
4
U
28
U
13
17
3
24
12
38
-9
7
19
U
-2
10
U
18
-9
33
9
6
22
-1
-46
-5
-28
U
21
39
20
-20
3
8
-8
U
0
13
30
2
-1
-13
33
6
U
-10
10
U
5
U
-30
U
U
3
17
-27
1
17
3
U
U
14
47
38
13
U
0
14
15
U
-3
16
U
28
0
-1
61
-1
-11
U
20
-14
0
19
U
34
U
U
7
20
-24
5
U
-2
21
6
0
23
U
6
-6
0
U
4
45
16
15
-5
0
-2
15
14
19
U
18
-18
U
28
-18
16
U
-7
17
12
66
19
U
-3
U
3
2
U
47
0
-18
24
5
-4
18
7
32
-20
19
U
8
U
42
19
-12
36
25
15
-26
7
18
-11
39
U
34
19
34
-13
-4
9
40
1
-10
0
16
-14
60
15
3
U
-16
12
-2
4
-1
18
17
2
20
27
20
-2
21
5
-5
9
2
55
U
U
U
-9
20
U
10
-8
-6
U
-1
-2
U
15
9
3
1
77
21
8
U
23
9
-2
14
U
U
-2
16
14
35
7
U
18
53
18
14
30
U
16
7
26
19
-15
3
-10
-25
9
38
19
32
U
U
5
16
28
4
10
U
17
-28
21
7
5
3
18
21
U
6
U
39
-11
21
4
15
U
3
20
-10
U
U
-11
-8
-18
U
11
22
U
-22
U
30
11
0
30
20
-1
19
14
28
U
-4
-2
