I
I
I
I
I
I
I
I
I
I
I
I
I
I
I
I
I
I
85
I
I
I
I
I
30
I
I
I
I
I
43
I
I
I
I
I
I
I
I
97
I
I
27
I
I
I
I
I
I
I
I
I
I
I
53
57
83
I
I
I
I
I
I
I
I
I
I
I
I
55
116
I
I
I
I
I
I
I
112
I
I
I
27
I
I
I
I
116
I
I
I
50
I
I
I
I
I
I
I
I
I
I
I
I
I
I
I
I
I
I
I
I
I
I
I
I
I
I
117
I
I
I
I
74
I
I
I
71
I
I
I
I
I
I
I
I
I
I
I
I
I
I
I
I
I
I
I
103
50
85
I
I
I
I
I
I
I
I
I
I
I
114
I
I
I
I
34
I
8
I
U
I
I
I
I
I
I
I
I
I
I
51
I
28
I
I
I
I
I
I
I
I
I
I
I
I
I
I
I
I
I
I
I
I
I
I
I
41
I
I
I
I
I
I
57
I
I
I
I
I
I
I
I
I
I
90
I
I
U
I
83
110
I
35
I
I
I
I
1
I
60
I
I
I
I
I
I
53
I
I
I
I
29
31
I
I
I
I
I
I
I
64
I
I
I
I
I
21
I
I
78
I
130
I
I
I
I
I
I
29
I
I
I
I
40
I
I
53
I
I
I
I
I
I
61
I
I
79
I
92
I
137
I
54
49
128
117
I
I
79
20
I
I
I
I
I
I
I
I
70
I
I
I
I
I
I
I
53
I
I
I
I
I
I
101
I
I
I
92
I
I
I
78
I
I
I
39
I
I
I
I
I
I
I
I
I
I
I
I
I
I
I
I
I
I
I
I
I
I
I
I
I
46
I
I
I
I
I
I
17
I
I
I
I
61
I
I
I
41
36
I
I
I
I
I
I
I
I
I
I
101
I
69
I
I
I
I
I
I
I
102
45
I
58
I
I
87
99
I
110
I
I
I
I
I
I
I
I
72
I
52
59
I
I
I
62
I
44
I
I
35
I
I
66
I
I
I
I
I
97
I
I
I
I
I
I
I
112
I
I
45
I
I
148
I
I
157
I
I
I
I
53
I
I
I
I
I
I
118
I
I
I
I
I
I
I
I
I
I
I
I
I
I
I
I
I
I
I
I
I
I
I
100
I
I
I
I
I
I
I
I
80
I
I
I
I
I
I
I
59
84
I
I
I
I
I
I
I
I
I
28
I
I
I
I
65
I
I
I
41
I
I
I
I
I
I
I
I
I
I
I
I
42
I
I
I
I
145
I
82
I
I
I
I
108
I
I
I
I
I
I
33
I
I
I
I
I
I
I
I
I
I
I
I
I
I
I
86
I
I
I
I
I
63
I
I
I
I
I
111
74
104
140
60
I
I
141
I
I
I
I
I
I
I
I
I
I
I
I
I
67
I
32
I
I
67
62
I
I
I
I
I
I
I
I
I
I
I
I
I
I
55
I
I
I
I
I
62
I
51
I
I
I
62
84
I
I
I
I
60
60
I
I
I
I
I
I
I
I
I
I
I
I
I
I
I
47
I
I
I
I
I
I
I
I
I
I
I
I
I
I
I
I
I
I
73
I
I
I
I
I
I
I
I
I
I
I
I
I
I
I
I
I
I
I
131
I
I
41
I
I
I
I
I
I
I
I
I
I
I
I
I
I
I
35
I
I
I
I
I
85
68
I
42
I
I
I
I
84
I
I
I
I
I
I
I
I
I
I
25
I
I
I
I
I
I
I
75
I
102
26
I
I
I
I
I
I
I
I
122
I
I
I
I
79
121
I
I
I
I
I
85
101
I
I
I
I
I
I
I
I
I
I
85
I
98
I
I
I
I
I
I
47
82
I
14
I
I
I
I
I
I
I
I
I
I
I
I
I
I
I
I
I
I
I
I
I
I
59
I
I
I
I
I
86
I
I
I
83
I
I
33
29
72
I
35
I
I
I
I
I
I
I
I
I
I
I
I
I
I
93
I
I
I
20
I
I
I
31
41
I
I
I
I
I
I
9
I
I
I
I
37
I
I
I
I
I
I
I
I
I
I
I
I
I
I
63
106
I
I
I
I
I
45
I
I
44
79
I
74
I
I
I
I
I
I
I
51
I
I
89
25
I
I
I
I
68
I
I
I
I
I
I
I
1
I
I
I
I
I
I
I
I
I
121
I
I
I
I
I
I
I
I
30
I
I
I
I
I
I
I
I
I
I
I
I
I
I
I
I
I
I
I
I
134
I
I
I
I
I
I
I
I
I
I
I
I
I
I
I
I
26
I
I
I
42
I
I
60
54
I
I
I
99
I
I
I
121
86
I
I
I
U
I
I
I
I
I
I
I
I
I
I
I
I
I
I
I
I
I
I
I
I
I
I
I
I
I
I
I
I
I
I
I
I
I
109
I
I
104
I
I
I
I
I
I
85
I
42
I
I
I
I
I
I
I
I
I
86
I
I
I
I
I
I
22
I
I
I
I
I
I
I
I
I
I
I
I
38
I
I
-1
I
114
I
I
I
I
I
I
I
I
I
62
I
I
105
I
138
I
I
95
I
I
I
95
I
59
I
I
I
U
I
I
I
I
I
I
I
I
I
55
110
86
I
I
I
I
I
I
I
I
90
I
I
22
I
I
I
I
I
I
28
I
89
I
110
I
127
I
I
76
I
I
I
I
I
4
I
I
I
62
I
I
I
I
I
I
I
I
I
I
I
I
I
I
I
I
3
I
140
I
I
I
I
105
I
I
I
I
I
I
65
I
I
I
I
U
3
101
53
I
I
I
I
I
I
I
I
I
I
I
68
I
40
I
I
I
I
I
66
42
I
68
I
I
I
I
126
I
I
I
I
I
I
I
I
I
I
I
I
I
I
I
I
I
I
65
I
I
I
I
I
I
I
107
I
I
I
I
19
I
I
I
I
I
I
I
I
I
I
I
I
I
I
I
40
35
I
I
I
I
I
I
I
I
I
I
I
I
I
36
70
I
I
I
93
64
I
I
58
77
I
I
84
I
I
I
I
I
64
I
I
109
I
I
I
I
I
I
I
I
I
I
I
I
I
I
I
I
136
67
I
I
5
I
I
I
I
I
I
I
I
13
I
I
I
I
I
I
I
I
I
I
I
I
I
I
I
18
118
25
I
I
I
I
I
I
I
I
I
I
I
I
I
I
93
I
71
I
I
I
I
I
I
I
82
I
I
I
I
I
I
I
I
I
I
I
95
I
76
I
I
I
I
I
I
I
U
I
0
I
94
I
I
I
I
I
I
I
I
I
I
I
I
59
I
I
I
I
56
54
I
65
I
I
I
I
I
I
I
I
I
I
I
I
I
I
I
I
I
I
I
I
I
90
I
I
I
I
I
I
I
I
90
I
137
U
I
I
U
I
I
I
I
I
I
I
I
I
I
I
I
I
I
I
I
I
I
96
I
7
97
I
I
I
54
I
I
I
I
I
I
83
I
I
I
I
67
I
I
I
I
I
I
I
140
I
I
I
I
I
86
I
I
63
I
I
I
22
I
I
I
I
I
I
I
I
I
I
113
I
I
I
89
I
66
I
I
12
I
I
56
I
I
I
I
I
90
I
I
I
I
I
I
I
I
I
I
I
I
I
I
I
76
I
I
93
I
I
13
I
I
32
I
I
I
I
I
I
I
I
I
I
I
I
I
I
I
I
I
I
I
9
I
I
I
I
I
I
I
I
I
103
I
I
I
I
I
I
I
26
I
I
I
I
I
100
I
I
I
I
I
115
I
92
I
34
I
57
I
I
I
I
I
114
83
I
87
I
I
I
I
121
I
I
62
I
I
I
I
I
I
I
I
I
76
I
I
I
124
75
I
I
I
I
I
120
I
I
I
I
I
I
I
I
I
I
I
I
I
I
27
I
I
I
I
39
96
I
I
I
I
38
I
I
55
I
69
97
I
I
I
I
I
35
I
I
46
I
I
2
I
I
98
I
I
I
I
90
I
I
I
I
I
I
I
I
I
I
I
I
39
I
I
I
32
94
84
33
I
I
I
I
I
I
I
36
I
I
I
I
112
I
85
I
I
I
82
90
I
I
I
9
I
I
111
I
I
I
I
I
I
I
I
I
I
I
50
I
I
104
I
I
84
I
31
I
I
I
I
I
I
85
I
51
I
I
I
I
I
I
I
I
114
I
23
I
I
I
I
I
I
95
I
I
I
I
I
I
59
I
I
I
I
I
I
I
I
I
94
I
I
I
64
I
I
I
I
I
I
74
34
I
I
I
I
I
28
I
I
I
I
I
I
102
I
I
38
I
I
I
I
I
I
110
I
I
I
I
I
I
I
I
I
I
I
I
99
I
I
I
107
I
I
I
71
I
117
I
I
I
111
I
I
I
I
35
52
I
I
I
I
I
50
I
I
93
I
I
I
I
I
I
I
I
I
I
I
I
I
45
I
I
I
I
I
I
I
I
I
I
I
I
I
I
I
I
67
I
I
I
I
3
I
I
5
I
105
I
I
I
I
I
I
I
I
I
I
I
I
47
I
I
I
I
I
I
U
81
