U
-2
18
19
U
11
12
U
U
14
U
7
16
U
-11
6
6
-4
16
14
10
8
U
-3
18
U
0
2
10
0
U
3
23
-6
U
U
9
47
10
-1
-2
28
16
6
U
10
U
9
U
U
U
U
0
11
14
22
U
6
2
25
30
12
U
5
11
5
22
11
U
14
U
24
-8
U
7
15
4
14
15
U
U
8
U
U
U
3
U
0
9
U
U
U
U
-2
7
-6
15
U
-6
15
6
5
24
3
25
13
8
U
22
3
12
U
U
U
14
20
U
25
33
12
-7
U
-3
-2
11
15
29
6
8
U
12
3
24
U
-8
U
21
U
8
U
U
U
5
3
17
-9
U
3
U
9
12
6
17
U
6
U
52
4
7
4
U
U
12
4
14
U
U
2
17
11
U
19
U
1
0
1
4
U
7
U
4
11
0
18
18
U
0
4
1
5
U
U
U
9
1
4
1
U
18
9
9
17
U
32
U
43
19
7
U
-14
U
11
U
U
U
16
22
U
21
U
1
U
33
16
U
4
41
U
23
9
U
14
22
6
U
23
24
6
12
1
U
U
3
U
U
15
1
33
2
U
-8
4
U
U
9
U
16
U
-3
0
U
U
39
2
U
3
21
10
42
U
4
3
14
26
-5
U
13
U
-2
12
8
9
8
1
6
U
U
U
U
13
10
U
-2
-5
11
-6
6
-3
8
U
U
U
14
U
U
U
3
1
-2
10
7
U
6
U
U
U
U
14
-5
23
U
U
12
U
-2
U
5
7
U
0
26
3
6
U
U
U
14
8
1
U
12
U
-2
3
25
U
37
17
U
U
7
35
11
33
3
U
U
12
17
17
37
18
13
0
17
3
4
3
U
11
U
U
14
-2
U
1
6
U
1
U
-1
2
15
6
U
U
44
-2
3
-1
38
U
U
-5
23
-8
U
28
1
9
U
17
-2
27
2
U
30
U
11
5
U
U
U
19
-1
U
18
7
4
28
7
19
5
21
6
9
14
U
-7
U
8
U
U
U
4
14
U
U
U
14
U
4
11
U
U
U
U
U
7
U
4
U
-1
4
2
9
U
17
-3
39
4
U
U
8
3
U
U
18
U
10
U
U
6
23
6
19
3
15
-2
18
27
6
18
4
U
1
16
17
5
-8
6
U
U
U
U
-1
U
U
U
U
U
4
1
U
U
21
13
-4
U
-11
-2
U
6
-1
-7
14
9
U
1
U
18
4
28
U
U
U
6
U
3
7
U
18
U
10
-1
28
0
U
U
-6
6
19
18
U
U
7
1
-4
U
16
U
8
U
U
26
U
1
U
2
3
3
1
-4
28
7
11
11
U
U
-5
26
11
0
43
U
U
U
U
9
6
16
U
34
U
U
U
8
13
10
21
18
0
25
-1
U
2
-8
14
18
24
24
8
19
14
20
U
7
16
11
19
U
U
U
16
19
6
10
U
-3
23
9
27
0
-6
10
U
U
0
4
1
U
-1
3
28
20
32
-5
5
U
10
-7
10
U
18
-5
27
U
1
U
U
U
16
U
-4
20
8
U
U
1
16
3
U
27
5
U
2
37
U
12
34
17
35
U
U
13
U
22
3
7
U
U
U
U
U
8
19
-8
16
22
U
U
23
U
10
U
U
21
-2
4
U
14
8
U
U
-4
4
9
U
-2
U
4
U
16
U
U
17
U
14
U
U
1
-1
9
-2
8
7
12
-2
44
18
12
U
U
-2
18
3
U
11
-4
17
16
2
U
25
U
21
U
0
U
28
U
5
U
-3
U
-1
U
-1
29
18
U
U
U
5
-1
U
-9
5
0
U
16
U
15
14
U
U
-8
28
U
U
2
-8
7
U
U
U
U
15
12
U
25
33
U
5
U
U
17
11
U
17
U
6
5
U
8
11
2
7
18
U
12
U
-2
-9
20
U
42
45
U
U
-6
4
U
U
21
7
26
U
13
36
18
16
U
U
U
12
18
29
U
6
0
20
U
U
33
U
18
U
20
44
U
U
7
3
18
U
17
11
U
U
3
8
8
2
20
14
38
U
8
U
-4
6
16
16
U
2
U
U
U
12
8
29
U
8
9
0
U
41
U
13
18
U
23
U
21
U
U
U
U
3
10
6
U
U
19
2
2
U
-5
U
U
10
4
7
11
4
7
23
9
13
22
12
18
8
6
U
16
U
U
37
1
U
7
14
2
U
U
U
8
3
5
U
25
2
U
U
26
10
U
6
U
12
7
8
29
U
U
15
9
4
U
U
7
U
U
U
U
U
3
0
U
23
2
22
18
U
10
1
U
38
30
13
U
U
8
20
-3
32
U
U
-4
13
U
-2
U
2
4
3
24
7
9
-1
3
U
U
U
21
4
12
U
-9
-1
-1
9
16
4
4
11
16
U
U
U
U
U
U
11
9
20
19
10
U
23
5
U
U
U
9
U
-6
1
U
U
U
U
U
-5
1
U
9
0
U
U
13
23
10
U
9
15
U
U
U
10
U
12
7
-4
21
U
U
-1
21
U
U
8
36
U
7
20
6
8
-5
10
-2
U
19
6
7
47
3
25
22
-13
13
U
6
4
9
22
U
U
22
20
U
19
20
U
35
9
U
U
-4
U
2
U
U
2
U
U
0
U
5
U
-3
U
U
26
8
U
11
-9
0
U
11
U
24
14
-3
U
8
10
U
-8
18
9
32
14
1
U
-1
U
11
13
10
6
3
18
U
-5
U
25
3
U
10
9
12
12
1
U
14
10
28
14
U
19
U
-2
-2
3
U
-4
U
U
U
U
U
0
U
-2
-5
4
U
-2
-6
10
U
U
18
U
U
U
U
6
6
12
U
U
2
U
15
4
U
30
U
31
0
14
U
8
6
U
0
18
7
-4
U
U
U
U
U
-4
23
-1
U
20
24
U
U
21
29
10
U
U
U
3
2
23
12
U
7
U
-4
21
U
U
2
U
19
29
6
U
16
U
-4
12
2
U
37
2
U
5
U
-8
14
13
-5
U
U
9
18
13
30
29
U
11
23
U
U
1
18
43
16
12
U
18
U
2
U
8
-4
49
1
U
11
-2
17
8
1
5
0
35
18
17
U
U
13
9
U
U
8
5
19
0
U
7
4
U
4
10
22
28
U
21
U
27
23
5
U
14
0
1
U
U
U
U
24
5
-3
-1
U
18
U
20
U
11
10
17
3
10
U
U
U
9
U
10
0
U
8
1
0
3
U
15
U
27
6
2
27
U
U
2
9
U
10
24
16
19
-4
U
8
8
U
16
U
14
31
16
U
26
1
-4
U
U
17
12
5
30
U
20
U
U
7
U
24
22
18
U
U
40
-2
15
16
5
U
3
12
14
10
16
U
-5
U
19
2
6
10
U
U
6
-1
4
U
31
20
U
10
-1
7
22
12
U
-2
2
U
20
17
35
10
U
0
22
6
U
U
U
U
-1
U
7
U
8
U
U
U
11
U
U
24
5
20
25
30
9
-3
-4
U
13
-2
11
26
U
U
-3
U
14
1
U
19
19
16
U
25
19
16
28
U
U
U
7
U
U
U
U
18
40
U
U
U
-3
U
U
U
16
9
5
3
-6
-5
16
2
U
8
U
U
8
24
U
22
16
-8
19
5
5
8
U
14
5
23
4
7
1
-6
22
U
14
U
U
15
3
U
10
10
7
28
U
11
39
U
19
-5
31
U
-2
1
8
U
U
24
U
U
U
U
15
U
10
5
8
17
15
U
U
1
-2
39
U
3
22
0
U
-1
-3
U
15
30
U
-6
8
29
12
14
U
U
14
7
13
35
7
28
U
4
15
U
U
35
36
4
23
U
U
15
26
2
U
U
20
U
-1
20
-6
U
U
13
0
19
6
19
18
U
U
U
U
4
U
13
9
20
-1
18
15
0
U
-3
17
22
U
38
U
19
3
U
17
21
U
U
21
10
U
U
-5
18
U
40
9
-4
U
19
1
12
U
22
-5
U
10
0
U
U
19
34
U
0
13
10
U
-1
-2
-4
-7
9
11
21
11
U
4
13
0
22
29
28
-3
10
U
18
9
17
3
-9
U
U
2
U
17
24
34
15
23
U
U
9
U
U
15
12
U
11
16
22
18
18
26
4
22
13
22
U
U
17
20
U
4
0
-6
U
12
2
-1
U
U
-7
U
-4
6
13
30
U
-8
U
17
16
9
U
U
9
U
18
2
5
U
6
8
U
11
3
-2
U
3
U
7
1
U
U
U
8
0
4
U
13
U
U
U
U
2
5
1
-2
U
18
U
U
20
-1
25
U
25
U
10
25
U
-3
U
22
4
U
U
30
6
U
21
-4
14
3
8
26
-5
U
14
19
5
6
0
U
-3
11
12
U
U
-4
U
6
0
U
8
U
U
16
U
-7
3
6
12
U
17
-5
7
-3
-1
U
U
U
0
U
U
-1
U
24
U
U
5
U
14
9
7
U
-3
10
48
21
8
U
-16
22
14
U
U
1
24
-7
6
U
14
U
U
24
U
10
23
-6
27
4
U
U
U
7
U
8
U
U
U
U
21
U
13
22
U
2
U
U
24
U
U
23
10
0
10
U
18
U
5
U
-6
U
U
U
15
10
-9
-2
-2
U
U
5
U
U
U
U
-11
7
23
-5
-6
-12
12
U
U
19
26
7
U
U
U
U
22
22
U
10
4
18
U
U
U
26
1
-2
5
35
2
-2
U
U
-2
U
4
