205
U
U
U
99
U
U
U
U
U
U
193
U
U
U
U
U
U
U
U
138
U
U
U
U
U
U
U
U
U
U
U
U
U
U
U
120
U
U
U
U
U
U
162
U
127
116
U
U
U
U
U
U
U
U
U
U
U
109
U
U
U
U
117
U
U
154
U
U
198
132
171
107
U
130
135
U
U
U
U
130
U
U
U
122
U
U
U
U
U
U
138
U
U
U
U
U
112
U
U
U
U
U
U
38
U
U
U
U
U
113
U
U
132
150
126
U
U
U
U
U
U
U
U
U
U
U
U
U
124
U
U
U
U
U
U
U
U
U
U
U
U
U
153
U
72
U
U
U
U
94
118
73
U
U
U
U
U
U
U
U
63
U
U
137
U
U
U
U
U
U
U
U
U
U
U
U
U
109
U
U
U
U
U
U
U
U
U
U
182
U
U
U
U
U
111
U
U
U
U
U
101
U
U
U
U
U
U
U
U
U
U
U
U
64
U
U
U
U
U
U
124
U
75
U
U
138
U
U
U
73
U
U
207
U
U
U
U
U
U
U
U
U
U
U
U
234
U
U
U
155
139
170
U
U
117
119
148
U
U
U
U
89
U
U
U
128
U
U
148
U
68
157
U
U
100
U
U
U
U
U
U
U
U
U
U
85
U
U
U
U
U
U
U
111
U
U
U
U
U
U
50
U
U
U
U
U
U
185
143
U
U
U
81
U
U
U
110
106
U
U
121
U
U
U
U
U
U
U
U
U
U
U
U
U
U
147
U
U
U
186
U
U
62
180
U
U
U
U
U
U
U
U
U
U
U
U
157
U
U
U
U
141
U
U
U
142
U
U
U
U
176
131
U
131
U
U
U
U
131
102
U
U
U
U
U
U
U
U
U
U
U
U
U
U
U
U
U
99
U
U
U
U
U
U
U
U
U
U
U
U
96
142
103
U
U
169
103
U
U
U
139
5
U
U
U
U
U
U
U
81
U
U
U
U
U
U
U
U
U
148
U
U
U
U
U
U
U
U
U
U
U
U
U
U
U
119
161
U
U
U
U
U
U
U
U
U
U
U
U
U
167
224
U
U
123
U
143
111
127
U
U
U
U
U
U
U
U
U
153
U
U
U
U
U
U
U
U
183
U
U
U
U
U
121
108
U
U
179
U
116
U
U
U
U
U
U
U
U
U
U
U
U
U
U
U
U
148
U
U
U
U
U
U
U
U
U
U
U
137
U
U
U
115
U
175
U
U
U
140
U
U
U
U
U
U
U
U
U
U
U
U
138
U
U
U
177
U
U
U
121
U
U
U
U
U
U
184
U
U
U
U
U
U
U
U
140
U
U
U
U
U
U
U
U
U
U
108
85
U
U
U
U
U
U
217
U
U
97
U
U
U
171
114
U
141
156
U
U
U
145
U
U
U
U
U
U
124
103
U
U
U
73
U
U
135
U
136
U
U
U
182
U
116
139
125
U
U
172
U
U
U
U
U
U
U
72
97
U
155
171
U
U
109
U
144
U
177
U
U
107
U
U
U
U
158
U
U
U
U
U
U
U
U
U
270
U
U
148
U
140
U
131
157
165
U
154
U
U
151
U
22
137
U
U
U
U
88
118
155
U
U
131
185
U
U
U
U
U
U
105
U
108
U
U
U
U
U
153
U
U
U
U
149
U
108
U
U
U
U
U
U
U
142
U
U
130
U
U
U
U
U
U
U
113
U
U
U
U
U
154
U
U
U
101
U
U
133
U
U
U
U
U
U
U
U
165
U
U
U
140
U
U
87
U
U
U
U
U
U
U
U
U
U
U
158
153
U
86
U
U
U
U
90
183
U
U
U
U
97
U
U
U
U
U
U
U
U
U
U
U
U
U
U
U
106
U
U
U
123
U
U
82
U
U
U
U
U
U
U
U
U
U
176
134
U
U
123
U
65
U
U
U
U
U
U
U
134
U
U
U
173
U
U
U
U
U
U
U
U
U
143
U
18
U
U
U
U
U
U
U
U
104
U
U
U
U
U
120
210
U
U
U
240
U
U
U
U
U
165
149
U
U
106
U
U
115
140
U
U
U
U
U
U
U
213
104
179
U
121
U
110
120
150
U
110
125
131
134
U
U
U
U
U
U
U
148
99
U
U
133
U
U
131
U
U
U
U
156
U
U
U
U
U
U
U
98
U
137
138
U
U
U
95
U
U
U
119
U
U
U
U
U
151
U
135
U
U
U
U
U
U
U
U
U
U
U
U
U
U
99
U
U
135
U
U
U
U
U
U
132
101
U
U
U
143
155
U
165
U
U
U
U
U
U
U
U
U
U
U
107
U
U
65
113
205
U
U
114
110
U
U
U
U
U
U
U
U
124
U
U
U
U
U
115
U
U
U
U
U
U
168
U
U
U
122
U
U
110
U
U
U
U
U
U
168
U
U
130
U
129
U
112
U
U
U
U
U
U
U
U
159
U
U
66
159
U
U
U
U
U
U
U
U
U
U
138
U
U
U
U
135
64
U
U
U
U
U
117
146
U
U
U
U
U
U
U
U
U
U
U
U
U
U
U
98
U
U
103
U
U
U
U
U
U
U
189
U
U
U
U
U
U
105
U
U
U
U
U
U
147
U
122
U
U
U
U
U
U
U
162
U
U
81
U
U
U
U
U
145
U
U
U
U
U
U
187
U
U
U
U
U
96
146
U
U
U
U
U
U
U
187
136
U
U
U
107
U
U
U
167
U
150
U
U
160
U
U
U
U
U
115
U
U
125
U
U
U
158
U
U
U
U
U
U
U
U
U
U
U
U
U
U
U
U
72
140
U
108
127
137
U
U
U
U
U
U
U
104
94
U
98
U
U
189
U
U
95
U
U
184
U
U
U
128
U
119
U
U
U
U
U
U
U
U
U
83
116
U
U
U
U
U
U
U
116
U
U
U
138
U
136
U
U
U
U
U
U
U
U
U
U
U
U
U
154
226
109
U
U
U
U
U
72
U
128
U
U
U
122
159
U
U
U
U
U
119
U
U
U
U
U
132
U
U
U
U
122
56
U
138
U
U
U
U
U
U
U
U
U
U
U
U
U
U
U
141
181
U
U
U
121
U
129
U
U
U
119
U
168
87
U
74
U
U
U
173
U
125
U
U
U
U
129
129
U
U
U
U
U
108
U
U
93
U
U
U
U
136
U
U
175
U
U
U
U
U
81
144
U
U
U
U
U
U
U
U
U
122
U
U
U
199
U
U
133
U
U
155
128
180
U
U
U
112
U
U
U
U
U
U
U
145
179
U
93
121
U
U
U
U
U
156
U
U
U
U
U
U
U
U
U
U
U
U
U
U
U
U
U
U
U
U
U
145
109
U
U
U
U
U
117
U
U
U
U
U
120
U
U
U
U
U
U
172
U
U
U
U
U
U
U
160
U
241
U
U
U
U
U
U
U
U
U
124
U
U
164
U
U
94
U
U
U
U
163
U
U
U
U
U
U
129
U
84
U
174
136
U
U
U
U
U
U
U
U
U
152
U
U
U
204
U
U
68
98
U
U
168
U
U
U
U
U
U
U
U
U
U
U
U
117
125
142
U
U
U
139
U
80
171
U
U
U
U
76
U
U
U
U
U
U
U
U
U
U
U
U
U
U
U
U
U
U
U
U
U
U
U
57
U
U
U
115
U
U
188
U
U
U
U
U
U
U
U
138
168
U
U
168
U
184
U
U
U
U
U
U
U
U
U
U
U
U
U
97
U
125
U
U
U
U
83
97
147
133
U
U
U
133
U
83
109
U
U
80
144
151
U
U
182
U
U
U
54
127
U
U
U
U
237
U
118
U
U
U
U
U
U
U
U
U
U
U
U
U
U
U
U
U
U
U
U
U
122
U
U
U
U
U
U
U
U
129
U
U
U
U
171
U
U
U
U
U
U
87
64
U
U
U
108
U
U
U
U
U
U
122
122
U
U
U
U
U
U
131
178
U
136
U
U
133
U
126
155
U
U
121
177
109
139
153
U
U
U
U
115
U
U
U
131
U
200
U
U
U
U
114
U
U
U
U
U
U
U
U
125
U
84
U
U
U
U
125
U
U
116
U
U
U
U
U
128
U
U
U
U
U
U
214
142
U
48
U
U
U
U
U
U
199
U
U
U
U
U
U
U
U
U
U
U
122
U
136
U
U
U
U
U
U
U
U
U
U
U
U
U
U
U
U
92
140
U
83
U
U
U
U
U
U
U
U
U
U
U
U
146
U
U
U
107
U
U
U
U
U
U
U
U
U
149
U
U
U
U
151
U
126
U
148
U
U
U
U
U
U
U
U
U
U
U
91
132
U
U
U
U
U
U
U
U
U
115
157
U
U
U
172
U
U
116
144
U
U
U
U
175
U
U
U
166
U
U
U
U
U
U
U
183
U
U
106
U
U
U
U
U
U
144
120
95
U
U
200
U
U
U
91
U
U
210
188
U
139
U
U
U
U
U
U
U
U
U
U
U
U
100
U
141
179
U
U
U
137
107
139
U
U
U
U
U
U
U
U
U
U
U
U
U
U
U
116
U
U
U
150
U
U
U
U
U
U
87
131
U
U
U
U
U
167
U
U
U
U
U
145
U
148
U
U
U
U
U
U
U
U
112
U
U
U
U
U
U
U
U
U
U
183
U
U
U
U
U
U
U
U
155
U
U
95
U
118
U
U
U
U
U
U
U
86
154
U
118
U
U
U
170
U
U
130
U
U
U
U
155
U
152
121
U
122
U
U
U
115
U
U
102
U
U
U
81
120
U
127
U
U
U
162
U
125
U
125
U
U
U
U
U
U
U
U
115
U
157
U
U
U
U
U
U
112
159
114
U
110
U
100
U
104
U
U
115
U
U
U
U
U
U
U
163
U
136
121
U
U
125
125
U
140
U
U
U
U
U
U
U
U
U
U
U
146
U
U
U
U
U
U
188
143
118
U
181
114
106
U
U
69
148
U
U
U
U
U
117
105
U
66
U
265
U
59
U
U
U
U
U
U
U
U
U
U
U
U
U
U
U
U
U
151
U
U
U
U
U
U
U
U
U
U
U
U
124
U
97
U
U
U
U
U
85
U
U
U
U
U
U
U
U
U
U
U
U
U
171
U
U
157
U
U
U
U
108
U
U
U
U
U
U
U
U
U
U
U
U
U
U
53
U
U
U
164
U
156
U
U
U
U
90
U
140
U
U
U
U
U
U
U
146
U
79
U
U
U
U
U
U
60
72
U
87
U
U
129
U
U
U
0
U
U
93
U
U
61
63
U
U
U
U
U
92
U
U
118
U
U
U
U
U
U
238
U
128
U
U
U
102
147
U
U
U
U
U
U
U
U
U
129
U
101
U
142
U
112
U
84
U
U
U
U
U
U
U
U
104
178
166
U
U
U
U
146
U
U
U
U
U
124
160
U
U
138
122
U
U
150
U
U
U
71
159
U
163
U
146
U
150
U
U
U
U
U
U
U
U
U
U
108
U
U
U
148
U
U
U
U
U
U
U
U
131
U
U
U
U
174
U
U
U
U
U
U
U
U
U
147
U
124
U
U
U
143
U
U
U
178
U
180
U
U
141
U
121
U
U
179
U
U
111
U
U
U
U
U
U
U
U
U
U
U
U
U
U
U
U
U
U
U
U
U
U
U
211
U
U
U
U
129
U
U
U
U
U
U
U
U
U
U
U
U
U
U
131
U
U
U
U
U
U
U
U
U
U
U
U
U
U
U
U
U
U
122
U
U
104
U
U
U
138
U
U
U
U
U
U
U
111
U
U
130
U
U
139
U
U
U
U
U
U
91
U
U
U
U
U
148
142
U
U
U
99
U
U
154
U
U
U
U
U
U
U
U
130
135
U
U
U
146
132
U
U
U
U
U
U
U
U
U
U
U
126
131
U
96
U
101
U
U
140
U
U
U
U
U
U
U
U
U
U
U
U
U
U
U
U
U
172
U
U
U
U
U
U
U
U
U
U
U
U
U
U
U
U
U
115
U
U
U
U
153
U
170
U
U
U
175
U
167
U
U
U
U
U
U
151
U
168
U
123
U
U
U
147
198
U
U
U
122
U
U
U
U
175
U
U
U
U
U
U
U
U
U
U
U
U
U
U
U
U
U
U
U
U
162
U
U
U
119
152
U
U
U
148
U
U
94
U
143
U
U
U
U
U
U
U
82
U
U
137
U
U
U
74
131
118
U
U
U
U
U
U
U
U
U
142
U
U
U
180
U
U
U
147
161
U
U
U
U
U
116
U
U
U
U
U
U
U
U
U
U
U
U
150
U
86
U
U
U
U
U
U
U
U
U
U
83
U
U
U
156
U
U
U
125
U
U
U
U
U
U
U
U
U
U
U
145
127
U
U
U
U
U
186
U
U
158
134
145
144
118
U
115
U
174
138
U
U
U
143
102
U
U
U
U
U
U
U
U
U
U
U
U
U
U
U
U
U
105
U
U
U
U
U
161
U
U
U
U
U
156
U
U
U
U
235
150
U
U
89
U
U
U
U
U
128
U
U
U
151
U
114
U
U
U
U
U
U
U
U
U
124
156
U
U
U
U
U
U
U
120
U
U
U
U
U
U
U
U
U
129
U
U
U
U
U
U
U
U
U
U
U
U
U
U
U
248
141
U
U
U
71
U
U
U
U
159
112
153
U
U
U
U
U
U
U
U
U
U
U
U
U
U
U
U
U
U
U
U
U
U
U
U
U
U
119
U
U
U
U
U
162
122
U
U
U
U
U
U
U
U
U
U
U
U
U
U
U
U
U
U
U
U
U
U
U
U
109
U
145
U
U
U
U
U
U
142
U
U
155
U
U
U
U
127
U
U
U
U
U
U
U
U
U
U
U
U
U
217
U
U
230
U
127
U
U
U
U
U
U
U
U
U
U
U
148
122
U
148
U
U
U
U
76
66
U
U
U
U
U
U
U
U
117
U
U
U
218
157
U
U
U
U
U
U
U
195
145
U
126
U
U
U
112
U
U
119
U
135
U
U
85
U
U
131
155
U
U
84
U
U
U
U
U
143
U
U
U
U
U
U
U
142
U
U
118
U
U
U
U
U
U
U
U
U
U
U
U
U
U
U
U
83
U
U
U
U
U
131
U
77
U
82
U
U
173
U
U
U
U
U
U
U
U
U
U
U
U
U
U
U
U
U
U
120
160
U
U
U
U
U
U
U
U
139
U
U
U
U
U
U
125
185
106
U
U
U
U
U
121
U
U
U
U
U
86
U
U
93
U
U
U
U
U
181
U
U
U
U
150
U
U
192
U
U
U
U
119
U
U
U
U
U
U
U
U
U
U
U
U
66
U
U
U
U
U
U
U
U
U
169
U
U
U
U
U
U
U
60
U
U
U
U
U
U
U
U
U
U
104
109
141
U
U
U
U
128
U
U
U
U
U
145
U
U
U
U
93
U
U
U
U
U
U
137
122
U
136
174
200
U
U
168
130
U
215
U
144
U
U
184
126
U
U
U
U
U
U
U
67
U
U
U
U
U
U
80
U
U
U
U
154
65
U
U
U
U
U
U
U
U
142
U
U
79
U
168
116
U
U
122
U
106
U
170
92
U
U
U
U
U
133
U
U
U
U
U
U
182
U
157
U
U
U
U
U
U
U
U
93
168
U
U
U
U
104
147
U
U
U
U
U
96
U
101
U
U
U
U
U
U
U
U
144
U
119
U
U
U
U
U
U
U
U
U
U
U
U
U
167
U
U
U
U
U
58
U
U
U
U
U
139
162
U
U
U
U
94
150
U
U
U
152
U
154
U
142
99
U
140
U
U
U
U
U
U
U
U
134
U
168
U
115
U
U
U
U
U
U
U
U
U
133
U
U
127
U
U
U
U
U
U
U
U
U
214
U
143
U
165
U
98
226
154
U
U
U
U
105
U
U
U
U
U
166
U
U
U
U
U
54
U
U
U
113
U
138
149
U
U
U
U
U
U
91
U
U
U
U
U
U
U
U
U
U
U
176
U
U
U
176
U
U
U
U
U
U
U
U
U
U
U
U
U
U
157
U
U
U
143
U
79
U
U
U
137
U
U
U
U
127
145
U
U
U
U
U
U
U
U
159
U
U
U
150
U
U
U
U
U
150
235
U
195
U
137
U
U
U
U
U
U
U
129
96
U
U
U
U
211
U
U
U
U
136
U
U
U
U
U
137
U
U
106
U
137
U
137
U
U
159
U
U
U
153
U
U
U
U
U
U
U
U
123
U
U
U
U
152
181
U
U
U
U
U
U
U
U
U
U
U
U
U
U
173
U
U
U
U
U
U
U
U
U
U
U
U
U
U
U
U
U
U
U
U
210
U
U
U
U
U
U
U
U
U
U
U
U
149
U
U
U
U
130
U
U
191
U
142
U
U
U
U
117
U
128
U
U
U
U
U
122
U
U
U
U
U
U
150
U
U
U
151
U
94
U
U
U
U
U
U
U
U
U
U
U
U
U
154
U
U
U
U
U
U
U
U
U
U
147
U
U
U
112
U
U
85
U
U
U
U
U
129
U
U
U
U
U
U
U
U
U
U
U
U
U
U
U
U
U
U
U
139
U
U
U
U
112
U
U
U
U
U
U
U
U
U
171
U
U
161
U
U
105
U
83
U
U
U
134
U
U
U
U
125
121
U
U
136
U
U
U
U
U
U
195
U
114
U
U
U
U
113
U
U
U
93
U
84
U
U
U
U
132
U
U
U
U
U
154
106
188
U
215
U
139
U
U
U
U
U
U
U
U
U
U
147
160
U
U
U
U
U
U
145
U
U
103
U
U
U
U
80
U
U
U
U
U
U
U
U
U
U
U
U
U
131
U
U
U
141
U
U
U
U
U
99
U
123
U
U
154
U
U
104
U
U
U
U
U
U
U
U
U
U
U
U
U
U
U
U
U
U
U
U
U
U
U
U
U
U
U
U
U
64
U
U
U
U
U
102
U
U
U
U
U
161
U
U
159
U
U
114
U
U
156
U
U
U
U
U
U
U
U
U
U
U
U
U
117
168
135
U
U
U
89
U
U
U
U
U
U
U
U
U
U
U
U
U
132
U
U
U
144
U
127
U
71
U
U
U
181
U
81
U
91
85
48
U
U
U
158
U
U
U
U
102
U
U
U
U
112
U
U
U
134
U
U
U
105
U
U
U
U
U
U
U
U
U
U
103
U
U
123
U
154
U
U
149
U
U
U
153
U
U
U
91
U
U
U
U
U
U
U
U
U
U
U
U
U
U
U
U
129
U
U
U
U
U
U
U
U
U
U
207
U
U
215
U
175
U
U
U
U
U
U
138
165
U
U
U
U
U
U
U
U
U
U
U
U
U
U
U
U
U
U
U
U
150
U
U
U
206
U
U
107
U
U
154
U
U
U
U
U
U
U
U
U
U
U
U
U
U
131
U
U
U
126
129
U
U
U
U
U
U
79
U
105
U
U
U
U
U
U
U
U
U
U
U
103
U
U
U
U
81
U
U
U
U
U
U
U
118
183
U
U
U
U
U
156
U
77
U
U
U
U
U
U
149
U
U
U
107
101
U
131
U
U
U
U
U
169
U
U
U
160
U
U
U
168
U
U
U
136
U
U
U
157
U
159
U
U
U
U
U
U
U
U
U
101
U
114
U
U
197
U
149
U
U
U
U
U
U
143
U
U
U
U
U
124
U
109
U
U
183
U
U
U
161
U
U
118
U
U
U
U
U
142
U
U
U
U
U
U
U
113
124
U
U
U
182
184
U
U
U
U
U
U
U
119
U
U
U
U
U
118
U
U
U
U
U
U
U
U
U
U
U
U
U
U
U
98
U
U
U
U
U
126
U
U
U
U
U
103
U
U
U
U
175
U
117
U
U
U
U
U
170
U
U
U
171
U
U
U
U
U
129
118
U
U
U
U
U
U
U
U
U
U
U
141
132
171
U
U
U
U
U
117
U
U
U
U
U
U
U
U
U
U
U
U
U
138
U
U
U
U
U
U
U
180
U
U
U
U
U
U
U
U
U
U
U
U
U
U
U
U
U
U
U
U
U
U
83
U
U
U
U
U
80
U
U
U
U
U
U
U
U
U
U
U
U
U
U
U
U
U
U
U
92
U
U
U
87
U
U
U
187
U
U
U
U
U
U
U
U
113
U
U
U
U
114
U
164
U
U
U
U
U
U
153
122
U
U
U
U
U
U
U
U
U
84
90
U
U
U
U
U
U
U
U
U
U
U
U
U
U
U
128
U
U
U
U
U
U
128
115
U
U
U
152
U
U
U
U
U
85
U
134
U
U
U
U
187
U
U
U
U
U
U
U
97
U
U
U
U
U
116
139
U
U
U
U
U
U
U
U
U
U
110
U
U
115
U
115
U
U
116
U
U
U
U
U
U
U
U
U
U
82
U
106
U
U
U
89
U
U
U
90
141
U
U
U
111
76
U
152
U
116
139
U
U
U
136
U
U
U
U
143
U
U
U
89
U
U
U
U
U
U
122
U
U
169
U
U
U
201
U
U
U
U
U
U
U
145
U
U
163
U
111
104
U
U
U
U
136
U
127
U
U
U
U
U
U
U
U
U
U
131
134
U
U
98
U
U
U
U
U
U
U
U
U
U
122
U
U
U
U
146
U
U
U
U
U
112
U
U
U
U
101
U
98
U
145
U
U
U
84
179
U
226
U
U
U
U
82
U
U
64
U
119
U
U
U
U
87
U
U
U
U
U
116
U
U
U
U
112
U
U
U
125
U
U
U
U
U
U
U
U
U
U
114
U
118
U
U
U
U
U
U
U
U
U
U
91
U
90
U
U
144
U
U
U
U
U
U
U
U
U
U
U
U
U
U
U
U
U
U
U
U
U
U
U
U
U
U
166
U
U
U
U
U
82
171
U
U
U
U
107
U
U
U
85
U
U
U
U
U
U
U
U
U
U
U
U
88
U
U
U
U
184
U
153
U
137
U
U
U
U
124
U
U
U
U
U
U
U
82
U
70
U
U
110
U
U
U
150
U
U
U
U
U
U
U
U
U
U
U
U
143
U
U
U
U
U
163
152
U
U
81
158
145
190
U
U
U
U
U
U
U
141
U
U
U
U
U
U
U
U
U
U
U
U
U
94
U
U
U
U
U
U
U
U
53
227
U
U
U
U
U
U
U
U
U
128
U
U
58
U
U
205
U
U
U
U
U
132
U
U
U
96
U
U
U
U
U
163
U
138
U
152
U
144
U
U
U
U
90
U
167
188
U
U
U
131
160
U
U
U
U
U
125
166
U
U
U
U
U
166
U
U
126
U
U
U
U
U
U
U
159
U
U
U
U
U
U
123
148
U
U
U
U
U
179
